[INFO] Scanning for projects...
[INFO] 
[INFO] ---------------< com.booksystem:book-management-system >----------------
[INFO] Building book-management-system 0.0.1-SNAPSHOT
[INFO]   from pom.xml
[INFO] --------------------------------[ jar ]---------------------------------
[INFO] 
[INFO] --- clean:3.3.2:clean (default-clean) @ book-management-system ---
[INFO] Deleting C:\Users\mmano\Desktop\Book_Project\backend\target
[INFO] 
[INFO] --- resources:3.3.1:resources (default-resources) @ book-management-system ---
[INFO] Copying 1 resource from src\main\resources to target\classes
[INFO] Copying 0 resource from src\main\resources to target\classes
[INFO] 
[INFO] --- compiler:3.11.0:compile (default-compile) @ book-management-system ---
[INFO] Changes detected - recompiling the module! :source
[INFO] Compiling 21 source files with javac [debug release 17] to target\classes
[INFO] Annotation processing is enabled because one or more processors were found
  on the class path. A future release of javac may disable annotation processing
  unless at least one processor is specified by name (-processor), or a search
  path is specified (--processor-path, --processor-module-path), or annotation
  processing is enabled explicitly (-proc:only, -proc:full).
  Use -Xlint:-options to suppress this message.
  Use -proc:none to disable annotation processing.
[INFO] -------------------------------------------------------------
[ERROR] COMPILATION ERROR : 
[INFO] -------------------------------------------------------------
[ERROR] /C:/Users/mmano/Desktop/Book_Project/backend/src/main/java/com/booksystem/controller/AuthController.java:[51,28] cannot find symbol
  symbol:   method getId()
  location: variable userDetails of type com.booksystem.security.UserDetailsImpl
[ERROR] /C:/Users/mmano/Desktop/Book_Project/backend/src/main/java/com/booksystem/controller/AuthController.java:[53,28] cannot find symbol
  symbol:   method getEmail()
  location: variable userDetails of type com.booksystem.security.UserDetailsImpl
[INFO] 2 errors 
[INFO] -------------------------------------------------------------
[INFO] ------------------------------------------------------------------------
[INFO] BUILD FAILURE
[INFO] ------------------------------------------------------------------------
[INFO] Total time:  4.682 s
[INFO] Finished at: 2026-02-25T21:38:52+05:30
[INFO] ------------------------------------------------------------------------
[ERROR] Failed to execute goal org.apache.maven.plugins:maven-compiler-plugin:3.11.0:compile (default-compile) on project book-management-system: Compilation failure: Compilation failure: 
[ERROR] /C:/Users/mmano/Desktop/Book_Project/backend/src/main/java/com/booksystem/controller/AuthController.java:[51,28] cannot find symbol
[ERROR]   symbol:   method getId()
[ERROR]   location: variable userDetails of type com.booksystem.security.UserDetailsImpl
[ERROR] /C:/Users/mmano/Desktop/Book_Project/backend/src/main/java/com/booksystem/controller/AuthController.java:[53,28] cannot find symbol
[ERROR]   symbol:   method getEmail()
[ERROR]   location: variable userDetails of type com.booksystem.security.UserDetailsImpl
[ERROR] -> [Help 1]
[ERROR] 
[ERROR] To see the full stack trace of the errors, re-run Maven with the -e switch.
[ERROR] Re-run Maven using the -X switch to enable full debug logging.
[ERROR] 
[ERROR] For more information about the errors and possible solutions, please read the following articles:
[ERROR] [Help 1] http://cwiki.apache.org/confluence/display/MAVEN/MojoFailureException
